2026-05-07 21:14:51 DEBUG: Starting catalog scan...
2026-05-07 21:14:55 DEBUG: HTML length: 166512
2026-05-07 21:14:55 DEBUG: Pagination links found: 7
2026-05-07 21:14:55 DEBUG: Max page: 223
2026-05-12 04:05:20 === boevoj-kontinent-2-neprevzojdjonnyj-klan-tan ===
2026-05-12 04:05:20 Total nodes found: 2298
2026-05-12 04:05:20 Free chapters: 2298
2026-05-12 04:05:20 Total chapters: 2298
2026-05-12 04:05:20 Chapters array size: 2298
2026-05-12 04:05:20   [0] num=0 title=Глава 622 Часть 4 (Конец)
2026-05-12 04:05:20   [1] num=0 title=Глава 622 Часть 3
2026-05-12 04:05:20   [2] num=0 title=Глава 622 Часть 2
2026-05-12 04:05:20   [3] num=0 title=Глава 622 Часть 1
2026-05-12 04:05:20   [4] num=0 title=Глава 621 Часть 4
2026-05-12 04:05:20   [5] num=0 title=Глава 621 Часть 3
2026-05-12 04:06:22 === boevoj-kontinent-2-neprevzojdjonnyj-klan-tan ===
2026-05-12 04:06:22 Total nodes found: 2298
2026-05-12 04:06:22 Free chapters: 2298
2026-05-12 04:06:22 Total chapters: 2298
2026-05-12 04:06:22 Chapters array size: 2298
2026-05-12 04:06:22   [0] num=0 title=Глава 622 Часть 4 (Конец)
2026-05-12 04:06:22   [1] num=0 title=Глава 622 Часть 3
2026-05-12 04:06:22   [2] num=0 title=Глава 622 Часть 2
2026-05-12 04:06:22   [3] num=0 title=Глава 622 Часть 1
2026-05-12 04:06:22   [4] num=0 title=Глава 621 Часть 4
2026-05-12 04:06:22   [5] num=0 title=Глава 621 Часть 3
2026-05-12 04:07:23 === boevoj-kontinent-2-neprevzojdjonnyj-klan-tan ===
2026-05-12 04:07:23 Total nodes found: 2298
2026-05-12 04:07:23 Free chapters: 2298
2026-05-12 04:07:23 Total chapters: 2298
2026-05-12 04:07:23 Chapters array size: 2298
2026-05-12 04:07:23   [0] num=0 title=Глава 622 Часть 4 (Конец)
2026-05-12 04:07:23   [1] num=0 title=Глава 622 Часть 3
2026-05-12 04:07:23   [2] num=0 title=Глава 622 Часть 2
2026-05-12 04:07:23   [3] num=0 title=Глава 622 Часть 1
2026-05-12 04:07:23   [4] num=0 title=Глава 621 Часть 4
2026-05-12 04:07:23   [5] num=0 title=Глава 621 Часть 3
2026-05-12 04:08:25 === boevoj-kontinent-2-neprevzojdjonnyj-klan-tan ===
2026-05-12 04:08:25 Total nodes found: 2298
2026-05-12 04:08:25 Free chapters: 2298
2026-05-12 04:08:25 Total chapters: 2298
2026-05-12 04:08:25 Chapters array size: 2298
2026-05-12 04:08:25   [0] num=0 title=Глава 622 Часть 4 (Конец)
2026-05-12 04:08:25   [1] num=0 title=Глава 622 Часть 3
2026-05-12 04:08:25   [2] num=0 title=Глава 622 Часть 2
2026-05-12 04:08:25   [3] num=0 title=Глава 622 Часть 1
2026-05-12 04:08:25   [4] num=0 title=Глава 621 Часть 4
2026-05-12 04:08:25   [5] num=0 title=Глава 621 Часть 3
2026-05-12 04:09:28 === boevoj-kontinent-2-neprevzojdjonnyj-klan-tan ===
2026-05-12 04:09:28 Total nodes found: 2298
2026-05-12 04:09:28 Free chapters: 2298
2026-05-12 04:09:28 Total chapters: 2298
2026-05-12 04:09:28 Chapters array size: 2298
2026-05-12 04:09:28   [0] num=0 title=Глава 622 Часть 4 (Конец)
2026-05-12 04:09:28   [1] num=0 title=Глава 622 Часть 3
2026-05-12 04:09:28   [2] num=0 title=Глава 622 Часть 2
2026-05-12 04:09:28   [3] num=0 title=Глава 622 Часть 1
2026-05-12 04:09:28   [4] num=0 title=Глава 621 Часть 4
2026-05-12 04:09:28   [5] num=0 title=Глава 621 Часть 3
2026-05-12 04:10:31 === boevoj-kontinent-2-neprevzojdjonnyj-klan-tan ===
2026-05-12 04:10:31 Total nodes found: 2298
2026-05-12 04:10:31 Free chapters: 2298
2026-05-12 04:10:31 Total chapters: 2298
2026-05-12 04:10:31 Chapters array size: 2298
2026-05-12 04:10:31   [0] num=0 title=Глава 622 Часть 4 (Конец)
2026-05-12 04:10:31   [1] num=0 title=Глава 622 Часть 3
2026-05-12 04:10:31   [2] num=0 title=Глава 622 Часть 2
2026-05-12 04:10:31   [3] num=0 title=Глава 622 Часть 1
2026-05-12 04:10:31   [4] num=0 title=Глава 621 Часть 4
2026-05-12 04:10:31   [5] num=0 title=Глава 621 Часть 3
2026-05-12 04:11:33 === boevoj-kontinent-2-neprevzojdjonnyj-klan-tan ===
2026-05-12 04:11:33 Total nodes found: 2298
2026-05-12 04:11:33 Free chapters: 2298
2026-05-12 04:11:33 Total chapters: 2298
2026-05-12 04:11:33 Chapters array size: 2298
2026-05-12 04:11:33   [0] num=0 title=Глава 622 Часть 4 (Конец)
2026-05-12 04:11:33   [1] num=0 title=Глава 622 Часть 3
2026-05-12 04:11:33   [2] num=0 title=Глава 622 Часть 2
2026-05-12 04:11:33   [3] num=0 title=Глава 622 Часть 1
2026-05-12 04:11:33   [4] num=0 title=Глава 621 Часть 4
2026-05-12 04:11:33   [5] num=0 title=Глава 621 Часть 3
2026-05-12 04:12:35 === boevoj-kontinent-2-neprevzojdjonnyj-klan-tan ===
2026-05-12 04:12:35 Total nodes found: 2298
2026-05-12 04:12:35 Free chapters: 2298
2026-05-12 04:12:35 Total chapters: 2298
2026-05-12 04:12:35 Chapters array size: 2298
2026-05-12 04:12:35   [0] num=0 title=Глава 622 Часть 4 (Конец)
2026-05-12 04:12:35   [1] num=0 title=Глава 622 Часть 3
2026-05-12 04:12:35   [2] num=0 title=Глава 622 Часть 2
2026-05-12 04:12:35   [3] num=0 title=Глава 622 Часть 1
2026-05-12 04:12:35   [4] num=0 title=Глава 621 Часть 4
2026-05-12 04:12:35   [5] num=0 title=Глава 621 Часть 3
2026-05-12 04:13:37 === boevoj-kontinent-2-neprevzojdjonnyj-klan-tan ===
2026-05-12 04:13:37 Total nodes found: 2298
2026-05-12 04:13:37 Free chapters: 2298
2026-05-12 04:13:37 Total chapters: 2298
2026-05-12 04:13:37 Chapters array size: 2298
2026-05-12 04:13:37   [0] num=0 title=Глава 622 Часть 4 (Конец)
2026-05-12 04:13:37   [1] num=0 title=Глава 622 Часть 3
2026-05-12 04:13:37   [2] num=0 title=Глава 622 Часть 2
2026-05-12 04:13:37   [3] num=0 title=Глава 622 Часть 1
2026-05-12 04:13:37   [4] num=0 title=Глава 621 Часть 4
2026-05-12 04:13:37   [5] num=0 title=Глава 621 Часть 3
2026-05-12 04:14:40 === boevoj-kontinent-2-neprevzojdjonnyj-klan-tan ===
2026-05-12 04:14:40 Total nodes found: 2298
2026-05-12 04:14:40 Free chapters: 2298
2026-05-12 04:14:40 Total chapters: 2298
2026-05-12 04:14:40 Chapters array size: 2298
2026-05-12 04:14:40   [0] num=0 title=Глава 622 Часть 4 (Конец)
2026-05-12 04:14:40   [1] num=0 title=Глава 622 Часть 3
2026-05-12 04:14:40   [2] num=0 title=Глава 622 Часть 2
2026-05-12 04:14:40   [3] num=0 title=Глава 622 Часть 1
2026-05-12 04:14:40   [4] num=0 title=Глава 621 Часть 4
2026-05-12 04:14:40   [5] num=0 title=Глава 621 Часть 3
2026-05-12 04:15:41 === boevoj-kontinent-2-neprevzojdjonnyj-klan-tan ===
2026-05-12 04:15:41 Total nodes found: 2298
2026-05-12 04:15:41 Free chapters: 2298
2026-05-12 04:15:41 Total chapters: 2298
2026-05-12 04:15:41 Chapters array size: 2298
2026-05-12 04:15:41   [0] num=0 title=Глава 622 Часть 4 (Конец)
2026-05-12 04:15:41   [1] num=0 title=Глава 622 Часть 3
2026-05-12 04:15:41   [2] num=0 title=Глава 622 Часть 2
2026-05-12 04:15:41   [3] num=0 title=Глава 622 Часть 1
2026-05-12 04:15:41   [4] num=0 title=Глава 621 Часть 4
2026-05-12 04:15:41   [5] num=0 title=Глава 621 Часть 3
2026-05-12 04:16:43 === boevoj-kontinent-2-neprevzojdjonnyj-klan-tan ===
2026-05-12 04:16:43 Total nodes found: 2298
2026-05-12 04:16:43 Free chapters: 2298
2026-05-12 04:16:43 Total chapters: 2298
2026-05-12 04:16:43 Chapters array size: 2298
2026-05-12 04:16:43   [0] num=0 title=Глава 622 Часть 4 (Конец)
2026-05-12 04:16:43   [1] num=0 title=Глава 622 Часть 3
2026-05-12 04:16:43   [2] num=0 title=Глава 622 Часть 2
2026-05-12 04:16:43   [3] num=0 title=Глава 622 Часть 1
2026-05-12 04:16:43   [4] num=0 title=Глава 621 Часть 4
2026-05-12 04:16:43   [5] num=0 title=Глава 621 Часть 3
